// Jest Snapshot v1, https://goo.gl/fbAQLP

exports[`EditableTable component should render EditableTable component 1`] = `
Array [
  <div
    class="editable-table"
  >
    <div
      class="editable-table__wrapper"
    >
      <div
        class="editable-table__input-wrapper"
      >
        <div
          class="custom-input-search"
        >
          <form>
            <div>
              <div
                class="custom-input-search__form-wrapper"
              >
                <input
                  id="mySearch"
                  name="q"
                  placeholder="Введите Имя..."
                  type="search"
                  value=""
                />
              </div>
              <button>
                <img
                  alt="альтернативный текст"
                  src="public/img/icons-search.svg"
                />
              </button>
            </div>
          </form>
        </div>
      </div>
      <button
        class="custom-button"
      >
        Добавить
      </button>
    </div>
    <div
      class="custom-table__wrapper"
    >
      <table
        class="custom-table"
      >
        <thead>
          <tr>
            <th>
              id
            </th>
            <th>
              name
            </th>
            <th>
              phone
            </th>
            <th />
          </tr>
        </thead>
        <tbody>
          <tr>
            <td>
              1
            </td>
            <td>
              Anton Zinchenko
            </td>
            <td>
              +79122142899
            </td>
            <td>
              <button
                class="custom-button"
              >
                <img
                  alt="delete"
                  height="15"
                  src="public/img/delete.svg"
                  width="15"
                />
              </button>
            </td>
          </tr>
        </tbody>
      </table>
    </div>
  </div>,
  <div
    class="custom-modal"
  >
    <div
      class="custom-modal__content"
    >
      <form>
        <fieldset
          class="custom-fieldset"
        >
          <legend>
            Добавить запись
          </legend>
          <div
            class="custom-fieldset__wrapper"
          >
            <label
              for="name"
            >
              Имя
            </label>
            <div
              class="custom-input__wrapper"
            >
              <input
                class="custom-input"
                id="name"
                maxlength="100"
                type="text"
                value=""
              />
            </div>
          </div>
          <div
            class="custom-fieldset__wrapper"
          >
            <label
              for="phone"
            >
              Номер телефона
            </label>
            <div
              class="custom-input__wrapper"
            >
              <input
                class="custom-input"
                id="phone"
                maxlength="18"
                type="text"
                value=""
              />
            </div>
          </div>
          <div
            class="custom-fieldset__wrapper custom-fieldset__wrapper--button"
          >
            <button
              class="custom-button"
              type="submit"
            >
              Добавить
            </button>
          </div>
        </fieldset>
      </form>
      <button
        class="custom-modal__close-button"
      />
    </div>
  </div>,
]
`;
